15:51:27 **** Clean-only build of configuration Debug for project 176_KeypadExercise ****
make -j12 clean 
rm -rf ./Startup/startup_stm32f407vgtx.d ./Startup/startup_stm32f407vgtx.o
rm -rf ./Src/main.cyclo ./Src/main.d ./Src/main.o ./Src/main.su ./Src/sysmem.cyclo ./Src/sysmem.d ./Src/sysmem.o ./Src/sysmem.su
rm -rf 176_KeypadExercise.elf 176_KeypadExercise.list 176_KeypadExercise.map default.size.stdout
 
15:52:29 **** Build of configuration Debug for project 176_KeypadExercise ****
make -j12 all 
arm-none-eabi-gcc -mcpu=cortex-m4 -g3 -DDEBUG -c -x assembler-with-cpp -MMD -MP -MF"Startup/startup_stm32f407vgtx.d" -MT"Startup/startup_stm32f407vgtx.o" --specs=nano.specs -mfloat-abi=soft -mthumb -o "Startup/startup_stm32f407vgtx.o" "../Startup/startup_stm32f407vgtx.s"
arm-none-eabi-gcc "../Src/main.c" -mcpu=cortex-m4 -std=gnu11 -g3 -DDEBUG -DSTM32 -DSTM32F407G_DISC1 -DSTM32F4 -DSTM32F407VGTx -c -I../Inc -O0 -ffunction-sections -fdata-sections -Wall -fstack-usage -fcyclomatic-complexity -MMD -MP -MF"Src/main.d" -MT"Src/main.o" --specs=nano.specs -mfloat-abi=soft -mthumb -o "Src/main.o"
arm-none-eabi-gcc "../Src/sysmem.c" -mcpu=cortex-m4 -std=gnu11 -g3 -DDEBUG -DSTM32 -DSTM32F407G_DISC1 -DSTM32F4 -DSTM32F407VGTx -c -I../Inc -O0 -ffunction-sections -fdata-sections -Wall -fstack-usage -fcyclomatic-complexity -MMD -MP -MF"Src/sysmem.d" -MT"Src/sysmem.o" --specs=nano.specs -mfloat-abi=soft -mthumb -o "Src/sysmem.o"
arm-none-eabi-gcc -o "176_KeypadExercise.elf" @"objects.list"   -mcpu=cortex-m4 -T"C:\_mygit\STM32_EmbeddedC\1_EmbeddedC\Embedded-C-master\Bogdan\target\176_KeypadExercise\STM32F407VGTX_FLASH.ld" --specs=nosys.specs -Wl,-Map="176_KeypadExercise.map" -Wl,--gc-sections -static -specs=rdimon.specs -lc -lrdimon --specs=nano.specs -mfloat-abi=soft -mthumb -Wl,--start-group -lc -lm -Wl,--end-group
Finished building target: 176_KeypadExercise.elf
 
arm-none-eabi-size  176_KeypadExercise.elf 
arm-none-eabi-objdump -h -S 176_KeypadExercise.elf  > "176_KeypadExercise.list"
   text	   data	    bss	    dec	    hex	filename
   6272	    100	   2076	   8448	   2100	176_KeypadExercise.elf
Finished building: default.size.stdout
 
Finished building: 176_KeypadExercise.list
 
15:58:16 **** Incremental Build of configuration Debug for project 176_KeypadExercise ****
make -j12 all 
arm-none-eabi-size  176_KeypadExercise.elf 
   text	   data	    bss	    dec	    hex	filename
   6272	    100	   2076	   8448	   2100	176_KeypadExercise.elf
Finished building: default.size.stdout
 
