02:20:37 **** Incremental Build of configuration Debug for project RFID_ReadWrite2 ****
make -j12 all 
arm-none-eabi-gcc "../Core/Src/pn532.c" -mcpu=cortex-m4 -std=gnu11 -g3 -DDEBUG -DUSE_HAL_DRIVER -DSTM32F446xx -c -I../Core/Inc -IC:/Users/bogdsece/STM32Cube/Repository/STM32Cube_FW_F4_V1.28.0/Drivers/STM32F4xx_HAL_Driver/Inc -IC:/Users/bogdsece/STM32Cube/Repository/STM32Cube_FW_F4_V1.28.0/Drivers/STM32F4xx_HAL_Driver/Inc/Legacy -IC:/Users/bogdsece/STM32Cube/Repository/STM32Cube_FW_F4_V1.28.0/Drivers/CMSIS/Device/ST/STM32F4xx/Include -IC:/Users/bogdsece/STM32Cube/Repository/STM32Cube_FW_F4_V1.28.0/Drivers/CMSIS/Include -O0 -ffunction-sections -fdata-sections -Wall -fstack-usage -fcyclomatic-complexity -MMD -MP -MF"Core/Src/pn532.d" -MT"Core/Src/pn532.o" --specs=nano.specs -mfloat-abi=soft -mthumb -o "Core/Src/pn532.o"
arm-none-eabi-gcc -o "RFID_ReadWrite2.elf" @"objects.list"   -mcpu=cortex-m4 -T"C:\_mygit\STM32_Projects\STM32_Nucleo-64\RFID_ReadWrite2\STM32F446RETX_FLASH.ld" --specs=nosys.specs -Wl,-Map="RFID_ReadWrite2.map" -Wl,--gc-sections -static -specs=rdimon.specs -lc -lrdimon --specs=nano.specs -mfloat-abi=soft -mthumb -Wl,--start-group -lc -lm -Wl,--end-group
Finished building target: RFID_ReadWrite2.elf
 
arm-none-eabi-size  RFID_ReadWrite2.elf 
arm-none-eabi-objdump -h -S RFID_ReadWrite2.elf  > "RFID_ReadWrite2.list"
   text	   data	    bss	    dec	    hex	filename
  15956	    112	   2152	  18220	   472c	RFID_ReadWrite2.elf
Finished building: default.size.stdout
 
Finished building: RFID_ReadWrite2.list
 

02:20:38 Build Finished. 0 errors, 0 warnings. (took 1s.56ms)

